Jan 27 12:15:03 MX960_re0 RT_FLOW: RT_FLOW_SESSION_CREATE_USF: Tag svc-set-name TUC-AMS0: session created 100.64.101.1/29724->100.64.102.1/8 0x0 icmp 203.150.2.96/23494->100.64.102.1/8 0x0 source rule NAT_ALL N/A N/A 1 default-service-set-policy TUC-AMS0-ZoneIn TUC-AMS0-ZoneOut 13107334 N/A(N/A) ge-3/1/8.100 UNKNOWN UNKNOWN UNKNOWN N/A N/A -1 N/A
Jan 27 12:15:49 MX960_re0 RT_FLOW: RT_FLOW_SESSION_CLOSE_USF: Tag svc-set-name TUC-AMS0: session closed idle Timeout 100.64.101.1/29724->100.64.102.1/8 0x0 icmp 203.150.2.96/23494->100.64.102.1/8 0x0 source rule NAT_ALL N/A N/A 1 default-service-set-policy TUC-AMS0-ZoneIn TUC-AMS0-ZoneOut 13107334 18(1512) 18(1512) 47 UNKNOWN UNKNOWN N/A(N/A) ge-3/1/8.100 UNKNOWN N/A N/A -1 N/A
Jan 27 12:15:03 MX960_re0 RT_FLOW: RT_FLOW_SESSION_CREATE_USF: Tag svc-set-name TUC-AMS0: session created 100.64.101.1/29724->100.64.102.1/8 0x0 icmp 203.150.2.96/23494->100.64.102.1/8 0x0 source rule NAT_ALL N/A N/A 1 default-service-set-policy TUC-AMS0-ZoneIn TUC-AMS0-ZoneOut 13107334 N/A(N/A) ge-3/1/8.100 UNKNOWN UNKNOWN UNKNOWN N/A N/A -1 N/A
Jan 27 12:15:49 MX960_re0 RT_FLOW: RT_FLOW_SESSION_CLOSE_USF: Tag svc-set-name TUC-AMS0: session closed idle Timeout 100.64.101.1/29724->100.64.102.1/8 0x0 icmp 203.150.2.96/23494->100.64.102.1/8 0x0 source rule NAT_ALL N/A N/A 1 default-service-set-policy TUC-AMS0-ZoneIn TUC-AMS0-ZoneOut 13107334 18(1512) 18(1512) 47 UNKNOWN UNKNOWN N/A(N/A) ge-3/1/8.100 UNKNOWN N/A N/A -1 N/A
Jan 27 12:15:49 MX960_re0 RT_FLOW: RT_FLOW_SESSION_CLOSE_USF: Tag svc-set-name TUC-AMS0: session closed idle Timeout 100.64.101.1/29724->100.64.102.1/8 0x0 icmp 203.150.2.96/23494->100.64.102.1/8 0x0 source rule NAT_ALL N/A N/A 1 default-service-set-policy TUC-AMS0-ZoneIn TUC-AMS0-ZoneOut 13107334 18(1512) 18(1512) 47 UNKNOWN UNKNOWN N/A(N/A) ge-3/1/8.100 UNKNOWN N/A N/A -1 N/A
Jan 27 12:15:49 MX960_re0 RT_FLOW: RT_FLOW_SESSION_CLOSE_USF: Tag svc-set-name TUC-AMS0: session closed idle Timeout 100.64.101.1/29724->100.64.102.1/8 0x0 icmp 203.150.2.96/23494->100.64.102.1/8 0x0 source rule NAT_ALL N/A N/A 1 default-service-set-policy TUC-AMS0-ZoneIn TUC-AMS0-ZoneOut 13107334 18(1512) 18(1512) 47 UNKNOWN UNKNOWN N/A(N/A) ge-3/1/8.100 UNKNOWN N/A N/A -1 N/A
